// Jest Snapshot v1, https://goo.gl/fbAQLP

exports[`Timer element renders with text 1`] = `
<div>
  <div>
    <p
      id="timer-label"
    >
      Pomo
    </p>
    1500
    <button
      id="start-stop"
    >
      start
    </button>
  </div>
</div>
`;
